// Jest Snapshot v1, https://goo.gl/fbAQLP

exports[`Branch holder tests Is branch holder renders right 1`] = `
<div>
  <div
    class="branch-holder"
  >
    <div
      class="branch"
    >
      <div
        class="branch-container"
      >
        <div
          class="branch__name-container"
        >
          <p
            class="branch__name"
          >
            Loading...
          </p>
          <button
            class="branch__button-delete"
          >
            X
          </button>
        </div>
        <div
          class="card"
          draggable="true"
          style="margin-top: 10px; margin-bottom: 10px;"
        >
          <div
            class="card__header"
          >
            <p
              class="card__text"
            >
              Loading...
            </p>
            <button
              class="card__button-delete"
            >
              X
            </button>
          </div>
          <div
            class="card__info"
          >
            <img
              alt="clockDate image"
              class="card__logo-img"
              src="clockDateImage.png"
            />
            <p
              class="card__date"
            >
              loading...
            </p>
          </div>
          <button
            class="card__button-status_undone"
          >
            unDone
          </button>
        </div>
        <div
          class="card"
          draggable="true"
          style="margin-top: 10px; margin-bottom: 10px;"
        >
          <div
            class="card__header"
          >
            <p
              class="card__text"
            >
              Loading...
            </p>
            <button
              class="card__button-delete"
            >
              X
            </button>
          </div>
          <div
            class="card__info"
          >
            <img
              alt="clockDate image"
              class="card__logo-img"
              src="clockDateImage.png"
            />
            <p
              class="card__date"
            >
              loading...
            </p>
          </div>
          <button
            class="card__button-status_undone"
          >
            unDone
          </button>
        </div>
        <div
          class="card"
          draggable="true"
          style="margin-top: 10px; margin-bottom: 10px;"
        >
          <div
            class="card__header"
          >
            <p
              class="card__text"
            >
              Loading...
            </p>
            <button
              class="card__button-delete"
            >
              X
            </button>
          </div>
          <div
            class="card__info"
          >
            <img
              alt="clockDate image"
              class="card__logo-img"
              src="clockDateImage.png"
            />
            <p
              class="card__date"
            >
              loading...
            </p>
          </div>
          <button
            class="card__button-status_undone"
          >
            unDone
          </button>
        </div>
        <form
          class="branch__form-new-card"
        >
          <input
            class="branch__input-new-card"
            placeholder="New Task..."
            type="text"
            value=""
          />
          <button
            class="branch__button-add-card"
          >
            Add
          </button>
        </form>
      </div>
    </div>
    <div
      class="branch"
    >
      <div
        class="branch-container"
      >
        <div
          class="branch__name-container"
        >
          <p
            class="branch__name"
          >
            Loading...
          </p>
          <button
            class="branch__button-delete"
          >
            X
          </button>
        </div>
        <div
          class="card"
          draggable="true"
          style="margin-top: 10px; margin-bottom: 10px;"
        >
          <div
            class="card__header"
          >
            <p
              class="card__text"
            >
              Loading...
            </p>
            <button
              class="card__button-delete"
            >
              X
            </button>
          </div>
          <div
            class="card__info"
          >
            <img
              alt="clockDate image"
              class="card__logo-img"
              src="clockDateImage.png"
            />
            <p
              class="card__date"
            >
              loading...
            </p>
          </div>
          <button
            class="card__button-status_undone"
          >
            unDone
          </button>
        </div>
        <div
          class="card"
          draggable="true"
          style="margin-top: 10px; margin-bottom: 10px;"
        >
          <div
            class="card__header"
          >
            <p
              class="card__text"
            >
              Loading...
            </p>
            <button
              class="card__button-delete"
            >
              X
            </button>
          </div>
          <div
            class="card__info"
          >
            <img
              alt="clockDate image"
              class="card__logo-img"
              src="clockDateImage.png"
            />
            <p
              class="card__date"
            >
              loading...
            </p>
          </div>
          <button
            class="card__button-status_undone"
          >
            unDone
          </button>
        </div>
        <div
          class="card"
          draggable="true"
          style="margin-top: 10px; margin-bottom: 10px;"
        >
          <div
            class="card__header"
          >
            <p
              class="card__text"
            >
              Loading...
            </p>
            <button
              class="card__button-delete"
            >
              X
            </button>
          </div>
          <div
            class="card__info"
          >
            <img
              alt="clockDate image"
              class="card__logo-img"
              src="clockDateImage.png"
            />
            <p
              class="card__date"
            >
              loading...
            </p>
          </div>
          <button
            class="card__button-status_undone"
          >
            unDone
          </button>
        </div>
        <form
          class="branch__form-new-card"
        >
          <input
            class="branch__input-new-card"
            placeholder="New Task..."
            type="text"
            value=""
          />
          <button
            class="branch__button-add-card"
          >
            Add
          </button>
        </form>
      </div>
    </div>
    <div
      class="branch"
    >
      <div
        class="branch-container"
      >
        <div
          class="branch__name-container"
        >
          <p
            class="branch__name"
          >
            Loading...
          </p>
          <button
            class="branch__button-delete"
          >
            X
          </button>
        </div>
        <div
          class="card"
          draggable="true"
          style="margin-top: 10px; margin-bottom: 10px;"
        >
          <div
            class="card__header"
          >
            <p
              class="card__text"
            >
              Loading...
            </p>
            <button
              class="card__button-delete"
            >
              X
            </button>
          </div>
          <div
            class="card__info"
          >
            <img
              alt="clockDate image"
              class="card__logo-img"
              src="clockDateImage.png"
            />
            <p
              class="card__date"
            >
              loading...
            </p>
          </div>
          <button
            class="card__button-status_undone"
          >
            unDone
          </button>
        </div>
        <div
          class="card"
          draggable="true"
          style="margin-top: 10px; margin-bottom: 10px;"
        >
          <div
            class="card__header"
          >
            <p
              class="card__text"
            >
              Loading...
            </p>
            <button
              class="card__button-delete"
            >
              X
            </button>
          </div>
          <div
            class="card__info"
          >
            <img
              alt="clockDate image"
              class="card__logo-img"
              src="clockDateImage.png"
            />
            <p
              class="card__date"
            >
              loading...
            </p>
          </div>
          <button
            class="card__button-status_undone"
          >
            unDone
          </button>
        </div>
        <div
          class="card"
          draggable="true"
          style="margin-top: 10px; margin-bottom: 10px;"
        >
          <div
            class="card__header"
          >
            <p
              class="card__text"
            >
              Loading...
            </p>
            <button
              class="card__button-delete"
            >
              X
            </button>
          </div>
          <div
            class="card__info"
          >
            <img
              alt="clockDate image"
              class="card__logo-img"
              src="clockDateImage.png"
            />
            <p
              class="card__date"
            >
              loading...
            </p>
          </div>
          <button
            class="card__button-status_undone"
          >
            unDone
          </button>
        </div>
        <form
          class="branch__form-new-card"
        >
          <input
            class="branch__input-new-card"
            placeholder="New Task..."
            type="text"
            value=""
          />
          <button
            class="branch__button-add-card"
          >
            Add
          </button>
        </form>
      </div>
    </div>
    <form
      class="branch-holder__form-new-branch"
    >
      <input
        class="branch-holder__input-new-branch"
        placeholder="New Branch..."
        type="text"
        value=""
      />
      <button
        class="branch-holder__button-add-branch"
      >
        Add
      </button>
    </form>
  </div>
</div>
`;
